// Jest Snapshot v1, https://goo.gl/fbAQLP

exports[`display custom text 1`] = `
<div
  className="Display-block"
>
  <h3>
    This is a remote display component
  </h3>
  <div
    className="Display-text"
  >
    test
  </div>
</div>
`;
